Archive member included because of file (symbol)

c:/program files (x86)/atmel/atmel toolchain/avr8 gcc/native/3.4.1061/avr8-gnu-toolchain/bin/../lib/gcc/avr/4.8.1/../../../../avr/lib/avr5\libm.a(addsf3.o)
                              bmp180.o (__subsf3)
c:/program files (x86)/atmel/atmel toolchain/avr8 gcc/native/3.4.1061/avr8-gnu-toolchain/bin/../lib/gcc/avr/4.8.1/../../../../avr/lib/avr5\libm.a(addsf3x.o)
                              c:/program files (x86)/atmel/atmel toolchain/avr8 gcc/native/3.4.1061/avr8-gnu-toolchain/bin/../lib/gcc/avr/4.8.1/../../../../avr/lib/avr5\libm.a(addsf3.o) (__addsf3x)
c:/program files (x86)/atmel/atmel toolchain/avr8 gcc/native/3.4.1061/avr8-gnu-toolchain/bin/../lib/gcc/avr/4.8.1/../../../../avr/lib/avr5\libm.a(atan2.o)
                              WineCellarMonitor.o (atan2)
c:/program files (x86)/atmel/atmel toolchain/avr8 gcc/native/3.4.1061/avr8-gnu-toolchain/bin/../lib/gcc/avr/4.8.1/../../../../avr/lib/avr5\libm.a(atan.o)
                              c:/program files (x86)/atmel/atmel toolchain/avr8 gcc/native/3.4.1061/avr8-gnu-toolchain/bin/../lib/gcc/avr/4.8.1/../../../../avr/lib/avr5\libm.a(atan2.o) (atan)
c:/program files (x86)/atmel/atmel toolchain/avr8 gcc/native/3.4.1061/avr8-gnu-toolchain/bin/../lib/gcc/avr/4.8.1/../../../../avr/lib/avr5\libm.a(cmpsf2.o)
                              WineCellarMonitor.o (__lesf2)
c:/program files (x86)/atmel/atmel toolchain/avr8 gcc/native/3.4.1061/avr8-gnu-toolchain/bin/../lib/gcc/avr/4.8.1/../../../../avr/lib/avr5\libm.a(divsf3.o)
                              bmp180.o (__divsf3)
c:/program files (x86)/atmel/atmel toolchain/avr8 gcc/native/3.4.1061/avr8-gnu-toolchain/bin/../lib/gcc/avr/4.8.1/../../../../avr/lib/avr5\libm.a(divsf3x.o)
                              c:/program files (x86)/atmel/atmel toolchain/avr8 gcc/native/3.4.1061/avr8-gnu-toolchain/bin/../lib/gcc/avr/4.8.1/../../../../avr/lib/avr5\libm.a(divsf3.o) (__divsf3x)
c:/program files (x86)/atmel/atmel toolchain/avr8 gcc/native/3.4.1061/avr8-gnu-toolchain/bin/../lib/gcc/avr/4.8.1/../../../../avr/lib/avr5\libm.a(fixsfsi.o)
                              WineCellarMonitor.o (__fixsfsi)
c:/program files (x86)/atmel/atmel toolchain/avr8 gcc/native/3.4.1061/avr8-gnu-toolchain/bin/../lib/gcc/avr/4.8.1/../../../../avr/lib/avr5\libm.a(fixunssfsi.o)
                              WineCellarMonitor.o (__fixunssfsi)
c:/program files (x86)/atmel/atmel toolchain/avr8 gcc/native/3.4.1061/avr8-gnu-toolchain/bin/../lib/gcc/avr/4.8.1/../../../../avr/lib/avr5\libm.a(floatsisf.o)
                              sht21.o (__floatunsisf)
c:/program files (x86)/atmel/atmel toolchain/avr8 gcc/native/3.4.1061/avr8-gnu-toolchain/bin/../lib/gcc/avr/4.8.1/../../../../avr/lib/avr5\libm.a(fp_cmp.o)
                              c:/program files (x86)/atmel/atmel toolchain/avr8 gcc/native/3.4.1061/avr8-gnu-toolchain/bin/../lib/gcc/avr/4.8.1/../../../../avr/lib/avr5\libm.a(cmpsf2.o) (__fp_cmp)
c:/program files (x86)/atmel/atmel toolchain/avr8 gcc/native/3.4.1061/avr8-gnu-toolchain/bin/../lib/gcc/avr/4.8.1/../../../../avr/lib/avr5\libm.a(fp_inf.o)
                              c:/program files (x86)/atmel/atmel toolchain/avr8 gcc/native/3.4.1061/avr8-gnu-toolchain/bin/../lib/gcc/avr/4.8.1/../../../../avr/lib/avr5\libm.a(addsf3x.o) (__fp_inf)
c:/program files (x86)/atmel/atmel toolchain/avr8 gcc/native/3.4.1061/avr8-gnu-toolchain/bin/../lib/gcc/avr/4.8.1/../../../../avr/lib/avr5\libm.a(fp_nan.o)
                              c:/program files (x86)/atmel/atmel toolchain/avr8 gcc/native/3.4.1061/avr8-gnu-toolchain/bin/../lib/gcc/avr/4.8.1/../../../../avr/lib/avr5\libm.a(addsf3x.o) (__fp_nan)
c:/program files (x86)/atmel/atmel toolchain/avr8 gcc/native/3.4.1061/avr8-gnu-toolchain/bin/../lib/gcc/avr/4.8.1/../../../../avr/lib/avr5\libm.a(fp_powser.o)
                              c:/program files (x86)/atmel/atmel toolchain/avr8 gcc/native/3.4.1061/avr8-gnu-toolchain/bin/../lib/gcc/avr/4.8.1/../../../../avr/lib/avr5\libm.a(atan.o) (__fp_powser)
c:/program files (x86)/atmel/atmel toolchain/avr8 gcc/native/3.4.1061/avr8-gnu-toolchain/bin/../lib/gcc/avr/4.8.1/../../../../avr/lib/avr5\libm.a(fp_pscA.o)
                              c:/program files (x86)/atmel/atmel toolchain/avr8 gcc/native/3.4.1061/avr8-gnu-toolchain/bin/../lib/gcc/avr/4.8.1/../../../../avr/lib/avr5\libm.a(addsf3x.o) (__fp_pscA)
c:/program files (x86)/atmel/atmel toolchain/avr8 gcc/native/3.4.1061/avr8-gnu-toolchain/bin/../lib/gcc/avr/4.8.1/../../../../avr/lib/avr5\libm.a(fp_pscB.o)
                              c:/program files (x86)/atmel/atmel toolchain/avr8 gcc/native/3.4.1061/avr8-gnu-toolchain/bin/../lib/gcc/avr/4.8.1/../../../../avr/lib/avr5\libm.a(addsf3x.o) (__fp_pscB)
c:/program files (x86)/atmel/atmel toolchain/avr8 gcc/native/3.4.1061/avr8-gnu-toolchain/bin/../lib/gcc/avr/4.8.1/../../../../avr/lib/avr5\libm.a(fp_round.o)
[...]
Memory Configuration

Name             Origin             Length             Attributes
text             0x00000000         0x00020000         xr
data             0x00800060         0x0000ffa0         rw !x
eeprom           0x00810000         0x00010000         rw !x
fuse             0x00820000         0x00000400         rw !x
lock             0x00830000         0x00000400         rw !x
signature        0x00840000         0x00000400         rw !x
user_signatures  0x00850000         0x00000400         rw !x
*default*        0x00000000         0xffffffff

Linker script and memory map

Address of section .data set to 0x800100
LOAD c:/program files (x86)/atmel/atmel toolchain/avr8 gcc/native/3.4.1061/avr8-gnu-toolchain/bin/../lib/gcc/avr/4.8.1/../../../../avr/lib/avr5/crtm328.o
LOAD bh1750.o
LOAD bmp180.o
LOAD eeprom.o
LOAD i2c_core.o
LOAD KXCJ9.o
LOAD sharplcd.o
LOAD sht21.o
LOAD spi.o
LOAD time.o
LOAD twimaster.o
LOAD uart.o
LOAD WineCellarMonitor.o
LOAD _StackInstrument.o
START GROUP
LOAD c:/program files (x86)/atmel/atmel toolchain/avr8 gcc/native/3.4.1061/avr8-gnu-toolchain/bin/../lib/gcc/avr/4.8.1/../../../../avr/lib/avr5\libm.a
END GROUP
START GROUP
LOAD c:/program files (x86)/atmel/atmel toolchain/avr8 gcc/native/3.4.1061/avr8-gnu-toolchain/bin/../lib/gcc/avr/4.8.1/avr5\libgcc.a
LOAD c:/program files (x86)/atmel/atmel toolchain/avr8 gcc/native/3.4.1061/avr8-gnu-toolchain/bin/../lib/gcc/avr/4.8.1/../../../../avr/lib/avr5\libm.a
LOAD c:/program files (x86)/atmel/atmel toolchain/avr8 gcc/native/3.4.1061/avr8-gnu-toolchain/bin/../lib/gcc/avr/4.8.1/../../../../avr/lib/avr5\libc.a
END GROUP

.hash
 *(.hash)

.dynsym
 *(.dynsym)

.dynstr
 *(.dynstr)

.gnu.version
 *(.gnu.version)

.gnu.version_d
 *(.gnu.version_d)

.gnu.version_r
 *(.gnu.version_r)

.rel.init
 *(.rel.init)

.rela.init
 *(.rela.init)

.rel.text
 *(.rel.text)
 *(.rel.text.*)
 *(.rel.gnu.linkonce.t*)

.rela.text
 *(.rela.text)
 *(.rela.text.*)
 *(.rela.gnu.linkonce.t*)

.rel.fini
 *(.rel.fini)

.rela.fini
 *(.rela.fini)

.rel.rodata
 *(.rel.rodata)
 *(.rel.rodata.*)
 *(.rel.gnu.linkonce.r*)

.rela.rodata
 *(.rela.rodata)
 *(.rela.rodata.*)
 *(.rela.gnu.linkonce.r*)

.rel.data
 *(.rel.data)
 *(.rel.data.*)
 *(.rel.gnu.linkonce.d*)

.rela.data
 *(.rela.data)
 *(.rela.data.*)
 *(.rela.gnu.linkonce.d*)

.rel.ctors
 *(.rel.ctors)

.rela.ctors
 *(.rela.ctors)

.rel.dtors
 *(.rel.dtors)

.rela.dtors
 *(.rela.dtors)

.rel.got
 *(.rel.got)

.rela.got
 *(.rela.got)

.rel.bss
 *(.rel.bss)

.rela.bss
 *(.rela.bss)

.rel.plt
 *(.rel.plt)

.rela.plt
 *(.rela.plt)

.text           0x00000000     0x65a2
 *(.vectors)
 .vectors       0x00000000       0x68 c:/program files (x86)/atmel/atmel toolchain/avr8 gcc/native/3.4.1061/avr8-gnu-toolchain/bin/../lib/gcc/avr/4.8.1/../../../../avr/lib/avr5/crtm328.o
                0x00000000                __vector_default
                0x00000000                __vectors
 *(.vectors)
 *(.progmem.gcc*)
 .progmem.gcc_fplib
                0x00000068       0x2d c:/program files (x86)/atmel/atmel toolchain/avr8 gcc/native/3.4.1061/avr8-gnu-toolchain/bin/../lib/gcc/avr/4.8.1/../../../../avr/lib/avr5\libm.a(atan.o)
                0x00000096                . = ALIGN (0x2)
 *fill*         0x00000095        0x1 
                0x00000096                __trampolines_start = .
 *(.trampolines)
 .trampolines   0x00000096        0x0 linker stubs
 *(.trampolines*)
                0x00000096                __trampolines_end = .
 *(.progmem*)
 .progmem.data.fontarray16x26
                0x00000096     0x134c sharplcd.o
                0x00000096                fontarray16x26
 .progmem.data.fontarray6x7
                0x000013e2      0x5fa sharplcd.o
                0x000013e2                fontarray6x7
 .progmem.data.__c.2712
                0x000019dc       0x12 WineCellarMonitor.o
 .progmem.data.__c.2710
                0x000019ee       0x12 WineCellarMonitor.o
 .progmem.data.__c.2708
                0x00001a00       0x12 WineCellarMonitor.o
 .progmem.data.__c.2706
                0x00001a12       0x12 WineCellarMonitor.o
 .progmem.data.__c.2701
                0x00001a24       0x12 WineCellarMonitor.o
 .progmem.data.__c.2695
                0x00001a36       0x16 WineCellarMonitor.o
 .progmem.data.__c.2693
                0x00001a4c       0x16 WineCellarMonitor.o
 .progmem.data.__c.2691
                0x00001a62       0x16 WineCellarMonitor.o
 .progmem.data.__c.2689
                0x00001a78       0x16 WineCellarMonitor.o
 .progmem.data.__c.2687
                0x00001a8e       0x16 WineCellarMonitor.o
 .progmem.data.__c.2685
                0x00001aa4        0xb WineCellarMonitor.o
 .progmem.data.__c.2672
                0x00001aaf       0x16 WineCellarMonitor.o
 .progmem.data.__c.2670
                0x00001ac5       0x16 WineCellarMonitor.o
 .progmem.data.__c.2665
                0x00001adb       0x15 WineCellarMonitor.o
 .progmem.data.__c.2663
                0x00001af0       0x15 WineCellarMonitor.o
 .progmem.data.__c.2661
                0x00001b05       0x15 WineCellarMonitor.o
 .progmem.data.__c.2659
                0x00001b1a       0x15 WineCellarMonitor.o
 .progmem.data.__c.2657
                0x00001b2f       0x15 WineCellarMonitor.o
 .progmem.data.__c.2647
                0x00001b44       0x15 WineCellarMonitor.o
 .progmem.data.__c.2645
                0x00001b59       0x16 WineCellarMonitor.o
 .progmem.data.__c.2643
                0x00001b6f       0x16 WineCellarMonitor.o
 .progmem.data.__c.2641
                0x00001b85       0x16 WineCellarMonitor.o
 .progmem.data.__c.2639
                0x00001b9b       0x16 WineCellarMonitor.o
 .progmem.data.__c.2637
                0x00001bb1       0x15 WineCellarMonitor.o
 .progmem.data.__c.2628
                0x00001bc6       0x12 WineCellarMonitor.o
 .progmem.data.__c.2626
                0x00001bd8       0x12 WineCellarMonitor.o
 .progmem.data.__c.2624
                0x00001bea       0x16 WineCellarMonitor.o
 .progmem.data.__c.2622
                0x00001c00       0x16 WineCellarMonitor.o
 .progmem.data.__c.2620
                0x00001c16       0x16 WineCellarMonitor.o
 .progmem.data.__c.2618
                0x00001c2c       0x16 WineCellarMonitor.o
 .progmem.data.__c.2616
                0x00001c42       0x16 WineCellarMonitor.o
 .progmem.data.__c.2614
                0x00001c58       0x16 WineCellarMonitor.o
                0x00001c6e                . = ALIGN (0x2)
 *(.jumptables)
 *(.jumptables*)
 *(.lowtext)
 *(.lowtext*)
                0x00001c6e                __ctors_start = .
 *(.ctors)
                0x00001c6e                __ctors_end = .
                0x00001c6e                __dtors_start = .
 *(.dtors)
                0x00001c6e                __dtors_end = .
 SORT(*)(.ctors)
 SORT(*)(.dtors)
 *(.init0)
 .init0         0x00001c6e        0x0 c:/program files (x86)/atmel/atmel toolchain/avr8 gcc/native/3.4.1061/avr8-gnu-toolchain/bin/../lib/gcc/avr/4.8.1/../../../../avr/lib/avr5/crtm328.o
                0x00001c6e                __init
 *(.init0)
 *(.init1)
 .init1         0x00001c6e       0x2e _StackInstrument.o
                0x00001c6e                _StackPaint
 *(.init1)
 *(.init2)
 .init2         0x00001c9c        0xc c:/program files (x86)/atmel/atmel toolchain/avr8 gcc/native/3.4.1061/avr8-gnu-toolchain/bin/../lib/gcc/avr/4.8.1/../../../../avr/lib/avr5/crtm328.o
 *(.init2)
 *(.init3)
 *(.init3)
 *(.init4)
 .init4         0x00001ca8       0x16 c:/program files (x86)/atmel/atmel toolchain/avr8 gcc/native/3.4.1061/avr8-gnu-toolchain/bin/../lib/gcc/avr/4.8.1/avr5\libgcc.a(_copy_data.o)
                0x00001ca8                __do_copy_data
 .init4         0x00001cbe       0x10 c:/program files (x86)/atmel/atmel toolchain/avr8 gcc/native/3.4.1061/avr8-gnu-toolchain/bin/../lib/gcc/avr/4.8.1/avr5\libgcc.a(_clear_bss.o)
                0x00001cbe                __do_clear_bss
 *(.init4)
 *(.init5)
 *(.init5)
 *(.init6)
 *(.init6)
 *(.init7)
 *(.init7)
 *(.init8)
 *(.init8)
 *(.init9)
 .init9         0x00001cce        0x8 c:/program files (x86)/atmel/atmel toolchain/avr8 gcc/native/3.4.1061/avr8-gnu-toolchain/bin/../lib/gcc/avr/4.8.1/../../../../avr/lib/avr5/crtm328.o
 *(.init9)
 *(.text)
 .text          0x00001cd6        0x4 c:/program files (x86)/atmel/atmel toolchain/avr8 gcc/native/3.4.1061/avr8-gnu-toolchain/bin/../lib/gcc/avr/4.8.1/../../../../avr/lib/avr5/crtm328.o
                0x00001cd6                __vector_22
                0x00001cd6                __vector_1
                0x00001cd6                __vector_24
                0x00001cd6                __vector_12
                0x00001cd6                __bad_interrupt
                0x00001cd6                __vector_6
                0x00001cd6                __vector_3
                0x00001cd6                __vector_23
                0x00001cd6                __vector_25
                0x00001cd6                __vector_11
                0x00001cd6                __vector_13
                0x00001cd6                __vector_17
                0x00001cd6                __vector_7
                0x00001cd6                __vector_2
                0x00001cd6                __vector_21
                0x00001cd6                __vector_15
                0x00001cd6                __vector_8
                0x00001cd6                __vector_14
                0x00001cd6                __vector_10
                0x00001cd6                __vector_16
                0x00001cd6                __vector_20
                0x00001cda                . = ALIGN (0x2)
 *(.text.*)
 .text.bh1750_init
                0x00001cda       0x10 bh1750.o
                0x00001cda                bh1750_init
 .text.bh1750_getlux
                0x00001cea       0x48 bh1750.o
                0x00001cea                bh1750_getlux
 .text.bmp180_writemem
                0x00001d32       0x24 bmp180.o
                0x00001d32                bmp180_writemem
 .text.bmp180_readmem
                0x00001d56        0xe bmp180.o
                0x00001d56                bmp180_readmem
 .text.bmp180_avaragefilter
                0x00001d64       0x68 bmp180.o
                0x00001d64                bmp180_avaragefilter
 .text.bmp180_getcalibration
                0x00001dcc      0x18e bmp180.o
                0x00001dcc                bmp180_getcalibration
 .text.bmp180_getrawtemperature
                0x00001f5a       0xe0 bmp180.o
                0x00001f5a                bmp180_getrawtemperature
 .text.bmp180_getrawpressure
                0x0000203a      0x2c4 bmp180.o
                0x0000203a                bmp180_getrawpressure
 .text.bmp180_gettemperature
                0x000022fe       0x2a bmp180.o
                0x000022fe                bmp180_gettemperature
 .text.bmp180_getpressure
                0x00002328       0x16 bmp180.o
                0x00002328                bmp180_getpressure
 .text.bmp180_init
                0x0000233e       0x18 bmp180.o
                0x0000233e                bmp180_init
 .text.read_eeprom
                0x00002356       0x74 eeprom.o
                0x00002356                read_eeprom
 .text.write_enable_eeprom
                0x000023ca       0x22 eeprom.o
                0x000023ca                write_enable_eeprom
 .text.eeprom_deep_power_down
                0x000023ec       0x22 eeprom.o
                0x000023ec                eeprom_deep_power_down
 .text.eeprom_status_register
                0x0000240e       0x28 eeprom.o
                0x0000240e                eeprom_status_register
 .text.write_page_eeprom
                0x00002436       0xd4 eeprom.o
                0x00002436                write_page_eeprom
 .text.eeprom_wakeup
                0x0000250a       0x60 eeprom.o
                0x0000250a                eeprom_wakeup
 .text.writeEEstorage
                0x0000256a      0x19c eeprom.o
                0x0000256a                writeEEstorage
 .text.retrieve_data
                0x00002706      0x3b6 eeprom.o
                0x00002706                retrieve_data
 .text.i2c_write
                0x00002abc       0x68 i2c_core.o
                0x00002abc                i2c_write
 .text.i2c_read
                0x00002b24       0xc2 i2c_core.o
                0x00002b24                i2c_read
 .text.SensorInitKXCJ9_int
                0x00002be6       0x76 KXCJ9.o
                0x00002be6                SensorInitKXCJ9_int
 .text.SingleReadKXCJ9
                0x00002c5c      0x128 KXCJ9.o
                0x00002c5c                SingleReadKXCJ9
 .text.largechardraw_str
                0x00002d84      0x274 sharplcd.o
                0x00002d84                largechardraw_str
 .text.drawline_str
                0x00002ff8      0x1b8 sharplcd.o
                0x00002ff8                drawline_str
 .text.clearlcd
                0x000031b0       0x30 sharplcd.o
                0x000031b0                clearlcd
 .text.graph_screen
                0x000031e0      0x186 sharplcd.o
                0x000031e0                graph_screen
 .text.SHT2x_CheckCrc
                0x00003366       0x34 sht21.o
                0x00003366                SHT2x_CheckCrc
 .text.SHT2x_MeasureHM
                0x0000339a       0xae sht21.o
                0x0000339a                SHT2x_MeasureHM
 .text.SHT2x_SoftReset
                0x00003448       0x2e sht21.o
                0x00003448                SHT2x_SoftReset
 .text.SHT2x_CalcRH
                0x00003476       0x26 sht21.o
                0x00003476                SHT2x_CalcRH
 .text.SHT2x_CalcTemperatureC
                0x0000349c       0x26 sht21.o
                0x0000349c                SHT2x_CalcTemperatureC
 .text.spi_transfer
                0x000034c2       0x24 spi.o
                0x000034c2                spi_transfer
 .text.init_spi
                0x000034e6       0x2c spi.o
                0x000034e6                init_spi
 .text.gmtime   0x00003512      0x1fe time.o
                0x00003512                gmtime
 .text.getSecsSinceEpoch
                0x00003710      0x1d6 time.o
                0x00003710                getSecsSinceEpoch
 .text.elapsed_time
                0x000038e6       0x8a time.o
                0x000038e6                elapsed_time
 .text.twi_init
                0x00003970        0xc twimaster.o
                0x00003970                twi_init
 .text.twi_start
                0x0000397c       0x44 twimaster.o
                0x0000397c                twi_start
 .text.twi_start_wait
                0x000039c0       0x4e twimaster.o
                0x000039c0                twi_start_wait
 .text.twi_rep_start
                0x00003a0e        0x4 twimaster.o
                0x00003a0e                twi_rep_start
 .text.twi_stop
                0x00003a12       0x10 twimaster.o
                0x00003a12                twi_stop
 .text.twi_write
                0x00003a22       0x22 twimaster.o
                0x00003a22                twi_write
 .text.twi_readAck
                0x00003a44       0x14 twimaster.o
                0x00003a44                twi_readAck
 .text.twi_readNak
                0x00003a58       0x14 twimaster.o
                0x00003a58                twi_readNak
 .text.__vector_18
                0x00003a6c       0x64 uart.o
                0x00003a6c                __vector_18
 .text.__vector_19
                0x00003ad0       0x54 uart.o
                0x00003ad0                __vector_19
 .text.uart_init
                0x00003b24       0x32 uart.o
                0x00003b24                uart_init
 .text.uart_getc
                0x00003b56       0x32 uart.o
                0x00003b56                uart_getc
 .text.uart_gets
                0x00003b88       0x3e uart.o
                0x00003b88                uart_gets
 .text.uart_putc
                0x00003bc6       0x2a uart.o
                0x00003bc6                uart_putc
 .text.uart_puts
                0x00003bf0       0x18 uart.o
                0x00003bf0                uart_puts
 .text.uart_puts_p
                0x00003c08       0x1e uart.o
                0x00003c08                uart_puts_p
 .text.PortInit
                0x00003c26       0x26 WineCellarMonitor.o
                0x00003c26                PortInit
 .text.adc_init
                0x00003c4c       0x24 WineCellarMonitor.o
                0x00003c4c                adc_init
 .text.RTCInit  0x00003c70       0x28 WineCellarMonitor.o
                0x00003c70                RTCInit
 .text.pcint1_init
                0x00003c98       0x12 WineCellarMonitor.o
                0x00003c98                pcint1_init
 .text.pcint2_init
                0x00003caa       0x12 WineCellarMonitor.o
                0x00003caa                pcint2_init
 .text.lcd_init
                0x00003cbc        0x8 WineCellarMonitor.o
                0x00003cbc                lcd_init
 .text.EEstore_initial_time
                0x00003cc4        0xc WineCellarMonitor.o
                0x00003cc4                EEstore_initial_time
 .text.writeTime_intEEprom
                0x00003cd0       0x40 WineCellarMonitor.o
                0x00003cd0                writeTime_intEEprom
 .text.retrieve_EEtime_index
                0x00003d10       0x76 WineCellarMonitor.o
                0x00003d10                retrieve_EEtime_index
 .text.find_data_boundary
                0x00003d86       0xe6 WineCellarMonitor.o
                0x00003d86                find_data_boundary
 .text.check_batt_level
                0x00003e6c       0x7e WineCellarMonitor.o
                0x00003e6c                check_batt_level
 .text.int_round
                0x00003eea       0x6e WineCellarMonitor.o
                0x00003eea                int_round
 .text.calc_RP  0x00003f58      0x11c WineCellarMonitor.o
                0x00003f58                calc_RP
 .text.initialsettime
                0x00004074      0x49e WineCellarMonitor.o
                0x00004074                initialsettime
 .text.startup_screen
                0x00004512      0x390 WineCellarMonitor.o
                0x00004512                startup_screen
 .text.stats_screen
                0x000048a2      0x21e WineCellarMonitor.o
                0x000048a2                stats_screen
 .text.HLscreen
                0x00004ac0      0x21a WineCellarMonitor.o
                0x00004ac0                HLscreen
 .text.startup.main
                0x00004cda      0x7c4 WineCellarMonitor.o
                0x00004cda                main
 .text.__vector_9
                0x0000549e      0x122 WineCellarMonitor.o
                0x0000549e                __vector_9
 .text.__vector_4
                0x000055c0       0xb0 WineCellarMonitor.o
                0x000055c0                __vector_4
 .text.__vector_5
                0x00005670       0x50 WineCellarMonitor.o
                0x00005670                __vector_5
 .text.avr-libc.fplib
                0x000056c0        0xa c:/program files (x86)/atmel/atmel toolchain/avr8 gcc/native/3.4.1061/avr8-gnu-toolchain/bin/../lib/gcc/avr/4.8.1/../../../../avr/lib/avr5\libm.a(addsf3.o)
                0x000056c0                __subsf3
                0x000056c2                __addsf3
 .text.avr-libc.fplib
                0x000056ca       0xc0 c:/program files (x86)/atmel/atmel toolchain/avr8 gcc/native/3.4.1061/avr8-gnu-toolchain/bin/../lib/gcc/avr/4.8.1/../../../../avr/lib/avr5\libm.a(addsf3x.o)
                0x000056e4                __addsf3x
 .text.avr-libc.fplib
                0x0000578a       0x74 c:/program files (x86)/atmel/atmel toolchain/avr8 gcc/native/3.4.1061/avr8-gnu-toolchain/bin/../lib/gcc/avr/4.8.1/../../../../avr/lib/avr5\libm.a(atan2.o)
                0x000057a8                atan2
 .text.avr-libc.fplib
                0x000057fe       0x50 c:/program files (x86)/atmel/atmel toolchain/avr8 gcc/native/3.4.1061/avr8-gnu-toolchain/bin/../lib/gcc/avr/4.8.1/../../../../avr/lib/avr5\libm.a(atan.o)
                0x000057fe                atan
 .text.avr-libc.fplib
                0x0000584e        0x8 c:/program files (x86)/atmel/atmel toolchain/avr8 gcc/native/3.4.1061/avr8-gnu-toolchain/bin/../lib/gcc/avr/4.8.1/../../../../avr/lib/avr5\libm.a(cmpsf2.o)
                0x0000584e                __nesf2
                0x0000584e                __eqsf2
                0x0000584e                __cmpsf2
                0x0000584e                __ltsf2
                0x0000584e                __lesf2
 .text.avr-libc.fplib
                0x00005856        0x4 c:/program files (x86)/atmel/atmel toolchain/avr8 gcc/native/3.4.1061/avr8-gnu-toolchain/bin/../lib/gcc/avr/4.8.1/../../../../avr/lib/avr5\libm.a(divsf3.o)
                0x00005856                __divsf3
 .text.avr-libc.fplib
                0x0000585a       0xcc c:/program files (x86)/atmel/atmel toolchain/avr8 gcc/native/3.4.1061/avr8-gnu-toolchain/bin/../lib/gcc/avr/4.8.1/../../../../avr/lib/avr5\libm.a(divsf3x.o)
                0x00005870                __divsf3x
                0x00005874                __divsf3_pse
 .text.avr-libc.fplib
                0x00005926        0xa c:/program files (x86)/atmel/atmel toolchain/avr8 gcc/native/3.4.1061/avr8-gnu-toolchain/bin/../lib/gcc/avr/4.8.1/../../../../avr/lib/avr5\libm.a(fixsfsi.o)
                0x00005926                __fixsfsi
 .text.avr-libc.fplib
                0x00005930       0x58 c:/program files (x86)/atmel/atmel toolchain/avr8 gcc/native/3.4.1061/avr8-gnu-toolchain/bin/../lib/gcc/avr/4.8.1/../../../../avr/lib/avr5\libm.a(fixunssfsi.o)
                0x00005930                __fixunssfsi
 .text.avr-libc.fplib
                0x00005988       0x7a c:/program files (x86)/atmel/atmel toolchain/avr8 gcc/native/3.4.1061/avr8-gnu-toolchain/bin/../lib/gcc/avr/4.8.1/../../../../avr/lib/avr5\libm.a(floatsisf.o)
                0x00005988                __floatunsisf
                0x0000598c                __floatsisf
 .text.avr-libc.fplib
                0x00005a02       0x48 c:/program files (x86)/atmel/atmel toolchain/avr8 gcc/native/3.4.1061/avr8-gnu-toolchain/bin/../lib/gcc/avr/4.8.1/../../../../avr/lib/avr5\libm.a(fp_cmp.o)
                0x00005a02                __fp_cmp
 .text.avr-libc.fplib
                0x00005a4a        0xc c:/program files (x86)/atmel/atmel toolchain/avr8 gcc/native/3.4.1061/avr8-gnu-toolchain/bin/../lib/gcc/avr/4.8.1/../../../../avr/lib/avr5\libm.a(fp_inf.o)
                0x00005a4a                __fp_inf
 .text.avr-libc.fplib
                0x00005a56        0x6 c:/program files (x86)/atmel/atmel toolchain/avr8 gcc/native/3.4.1061/avr8-gnu-toolchain/bin/../lib/gcc/avr/4.8.1/../../../../avr/lib/avr5\libm.a(fp_nan.o)
                0x00005a56                __fp_nan
 .text.avr-libc.fplib
                0x00005a5c       0x4a c:/program files (x86)/atmel/atmel toolchain/avr8 gcc/native/3.4.1061/avr8-gnu-toolchain/bin/../lib/gcc/avr/4.8.1/../../../../avr/lib/avr5\libm.a(fp_powser.o)
                0x00005a5c                __fp_powser
 .text.avr-libc.fplib
                0x00005aa6        0xe c:/program files (x86)/atmel/atmel toolchain/avr8 gcc/native/3.4.1061/avr8-gnu-toolchain/bin/../lib/gcc/avr/4.8.1/../../../../avr/lib/avr5\libm.a(fp_pscA.o)
                0x00005aa6                __fp_pscA
 .text.avr-libc.fplib
                0x00005ab4        0xe c:/program files (x86)/atmel/atmel toolchain/avr8 gcc/native/3.4.1061/avr8-gnu-toolchain/bin/../lib/gcc/avr/4.8.1/../../../../avr/lib/avr5\libm.a(fp_pscB.o)
                0x00005ab4                __fp_pscB
 .text.avr-libc.fplib
                0x00005ac2       0x22 c:/program files (x86)/atmel/atmel toolchain/avr8 gcc/native/3.4.1061/avr8-gnu-toolchain/bin/../lib/gcc/avr/4.8.1/../../../../avr/lib/avr5\libm.a(fp_round.o)
                0x00005ac2                __fp_round
 .text.avr-libc.fplib
                0x00005ae4       0x44 c:/program files (x86)/atmel/atmel toolchain/avr8 gcc/native/3.4.1061/avr8-gnu-toolchain/bin/../lib/gcc/avr/4.8.1/../../../../avr/lib/avr5\libm.a(fp_split3.o)
                0x00005ae4                __fp_split3
                0x00005af4                __fp_splitA
 .text.avr-libc.fplib
                0x00005b28        0xe c:/program files (x86)/atmel/atmel toolchain/avr8 gcc/native/3.4.1061/avr8-gnu-toolchain/bin/../lib/gcc/avr/4.8.1/../../../../avr/lib/avr5\libm.a(fp_zero.o)
                0x00005b28                __fp_zero
                0x00005b2a                __fp_szero
 .text.avr-libc.fplib
                0x00005b36        0x8 c:/program files (x86)/atmel/atmel toolchain/avr8 gcc/native/3.4.1061/avr8-gnu-toolchain/bin/../lib/gcc/avr/4.8.1/../../../../avr/lib/avr5\libm.a(gesf2.o)
                0x00005b36                __gesf2
                0x00005b36                __gtsf2
 .text.avr-libc.fplib
                0x00005b3e        0xe c:/program files (x86)/atmel/atmel toolchain/avr8 gcc/native/3.4.1061/avr8-gnu-toolchain/bin/../lib/gcc/avr/4.8.1/../../../../avr/lib/avr5\libm.a(inverse.o)
                0x00005b3e                inverse
 .text.avr-libc.fplib
                0x00005b4c        0x4 c:/program files (x86)/atmel/atmel toolchain/avr8 gcc/native/3.4.1061/avr8-gnu-toolchain/bin/../lib/gcc/avr/4.8.1/../../../../avr/lib/avr5\libm.a(mulsf3.o)
                0x00005b4c                __mulsf3
 .text.avr-libc.fplib
                0x00005b50       0xc2 c:/program files (x86)/atmel/atmel toolchain/avr8 gcc/native/3.4.1061/avr8-gnu-toolchain/bin/../lib/gcc/avr/4.8.1/../../../../avr/lib/avr5\libm.a(mulsf3x.o)
                0x00005b64                __mulsf3x
                0x00005b68                __mulsf3_pse
 .text.avr-libc.fplib
                0x00005c12       0x84 c:/program files (x86)/atmel/atmel toolchain/avr8 gcc/native/3.4.1061/avr8-gnu-toolchain/bin/../lib/gcc/avr/4.8.1/../../../../avr/lib/avr5\libm.a(sqrt.o)
                0x00005c1a                sqrt
 .text.avr-libc.fplib
                0x00005c96        0x6 c:/program files (x86)/atmel/atmel toolchain/avr8 gcc/native/3.4.1061/avr8-gnu-toolchain/bin/../lib/gcc/avr/4.8.1/../../../../avr/lib/avr5\libm.a(square.o)
                0x00005c96                square
 .text.avr-libc.fplib
                0x00005c9c       0x1c c:/program files (x86)/atmel/atmel toolchain/avr8 gcc/native/3.4.1061/avr8-gnu-toolchain/bin/../lib/gcc/avr/4.8.1/../../../../avr/lib/avr5\libm.a(fp_mpack.o)
                0x00005c9c                __fp_mpack
                0x00005ca0                __fp_mpack_finite
 .text.avr-libc.fplib
                0x00005cb8        0xe c:/program files (x86)/atmel/atmel toolchain/avr8 gcc/native/3.4.1061/avr8-gnu-toolchain/bin/../lib/gcc/avr/4.8.1/../../../../avr/lib/avr5\libm.a(fp_norm2.o)
                0x00005cb8                __fp_norm2
 .text.libgcc.mul
                0x00005cc6       0x20 c:/program files (x86)/atmel/atmel toolchain/avr8 gcc/native/3.4.1061/avr8-gnu-toolchain/bin/../lib/gcc/avr/4.8.1/avr5\libgcc.a(_mulsi3.o)
                0x00005cc6                __mulsi3
 .text.libgcc.div
                0x00005ce6       0x1c c:/program files (x86)/atmel/atmel toolchain/avr8 gcc/native/3.4.1061/avr8-gnu-toolchain/bin/../lib/gcc/avr/4.8.1/avr5\libgcc.a(_divmodqi4.o)
                0x00005ce6                __divmodqi4
 .text.libgcc.div
                0x00005d02       0x28 c:/program files (x86)/atmel/atmel toolchain/avr8 gcc/native/3.4.1061/avr8-gnu-toolchain/bin/../lib/gcc/avr/4.8.1/avr5\libgcc.a(_udivmodhi4.o)
                0x00005d02                __udivmodhi4
 .text.libgcc.div
                0x00005d2a       0x28 c:/program files (x86)/atmel/atmel toolchain/avr8 gcc/native/3.4.1061/avr8-gnu-toolchain/bin/../lib/gcc/avr/4.8.1/avr5\libgcc.a(_divmodhi4.o)
                0x00005d2a                _div
                0x00005d2a                __divmodhi4
 .text.libgcc.div
                0x00005d52       0x44 c:/program files (x86)/atmel/atmel toolchain/avr8 gcc/native/3.4.1061/avr8-gnu-toolchain/bin/../lib/gcc/avr/4.8.1/avr5\libgcc.a(_udivmodsi4.o)
                0x00005d52                __udivmodsi4
 .text.libgcc.div
                0x00005d96       0x2e c:/program files (x86)/atmel/atmel toolchain/avr8 gcc/native/3.4.1061/avr8-gnu-toolchain/bin/../lib/gcc/avr/4.8.1/avr5\libgcc.a(_divmodsi4.o)
                0x00005d96                __divmodsi4
 .text.libgcc.div
                0x00005dc4       0x10 c:/program files (x86)/atmel/atmel toolchain/avr8 gcc/native/3.4.1061/avr8-gnu-toolchain/bin/../lib/gcc/avr/4.8.1/avr5\libgcc.a(_negsi2.o)
                0x00005dc4                __negsi2
 .text.libgcc.mul
                0x00005dd4       0x1e c:/program files (x86)/atmel/atmel toolchain/avr8 gcc/native/3.4.1061/avr8-gnu-toolchain/bin/../lib/gcc/avr/4.8.1/avr5\libgcc.a(_umulhisi3.o)
                0x00005dd4                __umulhisi3
 .text.libgcc.mul
                0x00005df2       0x16 c:/program files (x86)/atmel/atmel toolchain/avr8 gcc/native/3.4.1061/avr8-gnu-toolchain/bin/../lib/gcc/avr/4.8.1/avr5\libgcc.a(_muluhisi3.o)
                0x00005df2                __muluhisi3
 .text.libgcc.mul
                0x00005e08       0x10 c:/program files (x86)/atmel/atmel toolchain/avr8 gcc/native/3.4.1061/avr8-gnu-toolchain/bin/../lib/gcc/avr/4.8.1/avr5\libgcc.a(_mulshisi3.o)
                0x00005e08                __mulshisi3
                0x00005e0e                __mulohisi3
 .text.libgcc.div
                0x00005e18       0x18 c:/program files (x86)/atmel/atmel toolchain/avr8 gcc/native/3.4.1061/avr8-gnu-toolchain/bin/../lib/gcc/avr/4.8.1/avr5\libgcc.a(_udivmodqi4.o)
                0x00005e18                __udivmodqi4
 .text.avr-libc
                0x00005e30        0xa c:/program files (x86)/atmel/atmel toolchain/avr8 gcc/native/3.4.1061/avr8-gnu-toolchain/bin/../lib/gcc/avr/4.8.1/../../../../avr/lib/avr5\libc.a(abort.o)
                0x00005e30                abort
 .text.avr-libc
                0x00005e3a       0x3c c:/program files (x86)/atmel/atmel toolchain/avr8 gcc/native/3.4.1061/avr8-gnu-toolchain/bin/../lib/gcc/avr/4.8.1/../../../../avr/lib/avr5\libc.a(atoi.o)
                0x00005e3a                atoi
 .text.avr-libc
                0x00005e76       0x4e c:/program files (x86)/atmel/atmel toolchain/avr8 gcc/native/3.4.1061/avr8-gnu-toolchain/bin/../lib/gcc/avr/4.8.1/../../../../avr/lib/avr5\libc.a(atol.o)
                0x00005e76                atol
 .text.avr-libc
                0x00005ec4        0xa c:/program files (x86)/atmel/atmel toolchain/avr8 gcc/native/3.4.1061/avr8-gnu-toolchain/bin/../lib/gcc/avr/4.8.1/../../../../avr/lib/avr5\libc.a(strtok.o)
                0x00005ec4                strtok
 .text.avr-libc
                0x00005ece       0x4e c:/program files (x86)/atmel/atmel toolchain/avr8 gcc/native/3.4.1061/avr8-gnu-toolchain/bin/../lib/gcc/avr/4.8.1/../../../../avr/lib/avr5\libc.a(strtok_r.o)
                0x00005ece                strtok_r
 .text.avr-libc
                0x00005f1c       0x2a c:/program files (x86)/atmel/atmel toolchain/avr8 gcc/native/3.4.1061/avr8-gnu-toolchain/bin/../lib/gcc/avr/4.8.1/../../../../avr/lib/avr5\libc.a(mulsi10.o)
                0x00005f1c                __mulsi_const_10
 .text.avr-libc
                0x00005f46       0x10 c:/program files (x86)/atmel/atmel toolchain/avr8 gcc/native/3.4.1061/avr8-gnu-toolchain/bin/../lib/gcc/avr/4.8.1/../../../../avr/lib/avr5\libc.a(mul10.o)
                0x00005f46                __mulhi_const_10
 .text.avr-libc
                0x00005f56       0x44 c:/program files (x86)/atmel/atmel toolchain/avr8 gcc/native/3.4.1061/avr8-gnu-toolchain/bin/../lib/gcc/avr/4.8.1/../../../../avr/lib/avr5\libc.a(sprintf.o)
                0x00005f56                sprintf
 .text.avr-libc
                0x00005f9a       0x44 c:/program files (x86)/atmel/atmel toolchain/avr8 gcc/native/3.4.1061/avr8-gnu-toolchain/bin/../lib/gcc/avr/4.8.1/../../../../avr/lib/avr5\libc.a(sprintf_p.o)
                0x00005f9a                sprintf_P
 .text.avr-libc
                0x00005fde      0x3a4 c:/program files (x86)/atmel/atmel toolchain/avr8 gcc/native/3.4.1061/avr8-gnu-toolchain/bin/../lib/gcc/avr/4.8.1/../../../../avr/lib/avr5\libc.a(vfprintf_std.o)
                0x00005fde                vfprintf
 .text.avr-libc
                0x00006382        0xc c:/program files (x86)/atmel/atmel toolchain/avr8 gcc/native/3.4.1061/avr8-gnu-toolchain/bin/../lib/gcc/avr/4.8.1/../../../../avr/lib/avr5\libc.a(eerd_dword_atmega328.o)
                0x00006382                __eerd_dword_m328
                0x00006382                __eerd_float_m328
 .text.avr-libc
                0x0000638e       0x10 c:/program files (x86)/atmel/atmel toolchain/avr8 gcc/native/3.4.1061/avr8-gnu-toolchain/bin/../lib/gcc/avr/4.8.1/../../../../avr/lib/avr5\libc.a(eewr_dword_atmega328.o)
                0x0000638e                __eewr_float_m328
                0x0000638e                __eewr_dword_m328
 .text.avr-libc
                0x0000639e        0xa c:/program files (x86)/atmel/atmel toolchain/avr8 gcc/native/3.4.1061/avr8-gnu-toolchain/bin/../lib/gcc/avr/4.8.1/../../../../avr/lib/avr5\libc.a(eewr_word_atmega328.o)
                0x0000639e                __eewr_word_m328
 .text.avr-libc
                0x000063a8       0x16 c:/program files (x86)/atmel/atmel toolchain/avr8 gcc/native/3.4.1061/avr8-gnu-toolchain/bin/../lib/gcc/avr/4.8.1/../../../../avr/lib/avr5\libc.a(strnlen_P.o)
                0x000063a8                strnlen_P
 .text.avr-libc
                0x000063be       0x16 c:/program files (x86)/atmel/atmel toolchain/avr8 gcc/native/3.4.1061/avr8-gnu-toolchain/bin/../lib/gcc/avr/4.8.1/../../../../avr/lib/avr5\libc.a(strnlen.o)
                0x000063be                strnlen
 .text.avr-libc
                0x000063d4       0x64 c:/program files (x86)/atmel/atmel toolchain/avr8 gcc/native/3.4.1061/avr8-gnu-toolchain/bin/../lib/gcc/avr/4.8.1/../../../../avr/lib/avr5\libc.a(fputc.o)
                0x000063d4                fputc
 .text.avr-libc
                0x00006438       0xbc c:/program files (x86)/atmel/atmel toolchain/avr8 gcc/native/3.4.1061/avr8-gnu-toolchain/bin/../lib/gcc/avr/4.8.1/../../../../avr/lib/avr5\libc.a(ultoa_invert.o)
                0x00006438                __ultoa_invert
 .text.avr-libc
                0x000064f4       0x20 c:/program files (x86)/atmel/atmel toolchain/avr8 gcc/native/3.4.1061/avr8-gnu-toolchain/bin/../lib/gcc/avr/4.8.1/../../../../avr/lib/avr5\libc.a(eerd_block_atmega328.o)
                0x000064f4                __eerd_block_m328
                0x000064f8                __eerd_blraw_m328
 .text.avr-libc
                0x00006514       0x1c c:/program files (x86)/atmel/atmel toolchain/avr8 gcc/native/3.4.1061/avr8-gnu-toolchain/bin/../lib/gcc/avr/4.8.1/../../../../avr/lib/avr5\libc.a(eewr_byte_atmega328.o)
                0x00006514                __eewr_byte_m328
                0x00006516                __eewr_r18_m328
 .text.libgcc.prologue
                0x00006530       0x38 c:/program files (x86)/atmel/atmel toolchain/avr8 gcc/native/3.4.1061/avr8-gnu-toolchain/bin/../lib/gcc/avr/4.8.1/avr5\libgcc.a(_prologue.o)
                0x00006530                __prologue_saves__
 .text.libgcc.prologue
                0x00006568       0x36 c:/program files (x86)/atmel/atmel toolchain/avr8 gcc/native/3.4.1061/avr8-gnu-toolchain/bin/../lib/gcc/avr/4.8.1/avr5\libgcc.a(_epilogue.o)
                0x00006568                __epilogue_restores__
                0x0000659e                . = ALIGN (0x2)
 *(.fini9)
 .fini9         0x0000659e        0x0 c:/program files (x86)/atmel/atmel toolchain/avr8 gcc/native/3.4.1061/avr8-gnu-toolchain/bin/../lib/gcc/avr/4.8.1/avr5\libgcc.a(_exit.o)
                0x0000659e                _exit
                0x0000659e                exit
 *(.fini9)
 *(.fini8)
 *(.fini8)
 *(.fini7)
 *(.fini7)
 *(.fini6)
 *(.fini6)
 *(.fini5)
 *(.fini5)
 *(.fini4)
 *(.fini4)
 *(.fini3)
 *(.fini3)
 *(.fini2)
 *(.fini2)
 *(.fini1)
 *(.fini1)
 *(.fini0)
 .fini0         0x0000659e        0x4 c:/program files (x86)/atmel/atmel toolchain/avr8 gcc/native/3.4.1061/avr8-gnu-toolchain/bin/../lib/gcc/avr/4.8.1/avr5\libgcc.a(_exit.o)
 *(.fini0)
                0x000065a2                _etext = .

.data           0x00800100      0x2e8 load address 0x000065a2
                0x00800100                PROVIDE (__data_start, .)
 *(.data)
 *(.data*)
 .data.valid_sw1
                0x00800100        0x1 WineCellarMonitor.o
                0x00800100                valid_sw1
 .data.valid_sw2
                0x00800101        0x1 WineCellarMonitor.o
                0x00800101                valid_sw2
 *(.rodata)
 .rodata        0x00800102       0x10 eeprom.o
 .rodata        0x00800112       0x14 WineCellarMonitor.o
 *(.rodata*)
 .rodata.str1.1
                0x00800126       0x12 eeprom.o
 .rodata._ytab  0x00800138       0x30 time.o
                0x00800138                _ytab
 .rodata.str1.1
                0x00800168      0x27f WineCellarMonitor.o
                                0x284 (size before relaxing)
 *(.gnu.linkonce.d*)
                0x008003e8                . = ALIGN (0x2)
 *fill*         0x008003e7        0x1 
                0x008003e8                _edata = .
                0x008003e8                PROVIDE (__data_end, .)

.bss            0x008003e8      0x222
                0x008003e8                PROVIDE (__bss_start, .)
 *(.bss)
 .bss           0x008003e8        0x2 c:/program files (x86)/atmel/atmel toolchain/avr8 gcc/native/3.4.1061/avr8-gnu-toolchain/bin/../lib/gcc/avr/4.8.1/../../../../avr/lib/avr5\libc.a(strtok.o)
 *(.bss*)
 .bss.k         0x008003ea       0x54 bmp180.o
 .bss.msginbuf  0x0080043e        0x1 uart.o
                0x0080043e                msginbuf
 .bss.UART_LastRxError
                0x0080043f        0x1 uart.o
 .bss.UART_RxTail
                0x00800440        0x1 uart.o
 .bss.UART_RxHead
                0x00800441        0x1 uart.o
 .bss.UART_TxTail
                0x00800442        0x1 uart.o
 .bss.UART_TxHead
                0x00800443        0x1 uart.o
 .bss.UART_RxBuf
                0x00800444       0x20 uart.o
 .bss.UART_TxBuf
                0x00800464       0x40 uart.o
 .bss.showscreen
                0x008004a4        0x1 WineCellarMonitor.o
                0x008004a4                showscreen
 .bss.checkbatt
                0x008004a5        0x1 WineCellarMonitor.o
                0x008004a5                checkbatt
 .bss.savesensordata
                0x008004a6        0x1 WineCellarMonitor.o
                0x008004a6                savesensordata
 .bss.sensormeasure
                0x008004a7        0x1 WineCellarMonitor.o
                0x008004a7                sensormeasure
 .bss.mintemploc13
                0x008004a8        0x4 WineCellarMonitor.o
                0x008004a8                mintemploc13
 .bss.maxtemploc13
                0x008004ac        0x4 WineCellarMonitor.o
                0x008004ac                maxtemploc13
 .bss.mintemp13
                0x008004b0        0x1 WineCellarMonitor.o
                0x008004b0                mintemp13
 .bss.maxtemp13
                0x008004b1        0x1 WineCellarMonitor.o
                0x008004b1                maxtemp13
 .bss.intEEpromindex
                0x008004b2        0x2 WineCellarMonitor.o
                0x008004b2                intEEpromindex
 .bss.startTimeinSec
                0x008004b4        0x4 WineCellarMonitor.o
                0x008004b4                startTimeinSec
 .bss.eeprombyteindex
                0x008004b8        0x4 WineCellarMonitor.o
                0x008004b8                eeprombyteindex
 .bss.screentimeout
                0x008004bc        0x4 WineCellarMonitor.o
                0x008004bc                screentimeout
 .bss.globalsecondcount
                0x008004c0        0x4 WineCellarMonitor.o
                0x008004c0                globalsecondcount
 *(COMMON)
 COMMON         0x008004c4       0x1e bmp180.o
                0x008004c4                bmp180_regmb
                0x008004c6                bmp180_regac5
                0x008004c8                bmp180_regac2
                0x008004ca                bmp180_regmd
                0x008004cc                bmp180_regb2
                0x008004ce                bmp180_regac6
                0x008004d0                bmp180_regac3
                0x008004d2                bmp180_regb1
                0x008004d4                bmp180_regmc
                0x008004d6                bmp180_regac4
                0x008004d8                bmp180_rawtemperature
                0x008004dc                bmp180_rawpressure
                0x008004e0                bmp180_regac1
 COMMON         0x008004e2       0x11 i2c_core.o
                0x008004e2                i2c_buf
                0x008004ea                i2c_state
                0x008004eb                i2c_wr_count
                0x008004ec                i2c_rdlen
                0x008004ed                i2c_error
                0x008004ee                i2c_addr
                0x008004ef                i2c_rd_count
                0x008004f0                i2c_sts
                0x008004f1                i2c_wrlen
                0x008004f2                i2c_cmd
 COMMON         0x008004f3      0x117 WineCellarMonitor.o
                0x008004f3                starttime
                0x008004fe                data_cache
                0x008005ff                curtime
                0x0080060a                PROVIDE (__bss_end, .)
                0x000065a2                __data_load_start = LOADADDR (.data)
                0x0000688a                __data_load_end = (__data_load_start + SIZEOF (.data))

.noinit         0x0080060a        0x0
                0x0080060a                PROVIDE (__noinit_start, .)
 *(.noinit*)
                0x0080060a                PROVIDE (__noinit_end, .)
                0x0080060a                _end = .
                0x0080060a                PROVIDE (__heap_start, .)

.eeprom         0x00810000        0x0
 *(.eeprom*)
                0x00810000                __eeprom_end = .

.fuse
 *(.fuse)
 *(.lfuse)
 *(.hfuse)
 *(.efuse)

.lock
 *(.lock*)

.signature
 *(.signature*)

.user_signatures
 *(.user_signatures*)

.stab
 *(.stab)

.stabstr
 *(.stabstr)

.stab.excl
 *(.stab.excl)

.stab.exclstr
 *(.stab.exclstr)

.stab.index
 *(.stab.index)

.stab.indexstr
 *(.stab.indexstr)

.comment        0x00000000       0x5c
 *(.comment)
 .comment       0x00000000       0x30 bh1750.o
                                 0x31 (size before relaxing)
 .comment       0x00000000       0x31 bmp180.o
 .comment       0x00000000       0x31 eeprom.o
 .comment       0x00000000       0x31 i2c_core.o
 .comment       0x00000000       0x31 KXCJ9.o
 .comment       0x00000000       0x31 sharplcd.o
 .comment       0x00000000       0x31 sht21.o
 .comment       0x00000000       0x31 spi.o
 .comment       0x00000000       0x31 time.o
 .comment       0x00000000       0x31 twimaster.o
 .comment       0x00000000       0x31 uart.o
 .comment       0x00000000       0x31 WineCellarMonitor.o
 .comment       0x00000000       0x31 _StackInstrument.o
 .comment       0x00000000       0x31 c:/program files (x86)/atmel/atmel toolchain/avr8 gcc/native/3.4.1061/avr8-gnu-toolchain/bin/../lib/gcc/avr/4.8.1/../../../../avr/lib/avr5\libc.a(strtok.o)
 .comment       0x00000000       0x31 c:/program files (x86)/atmel/atmel toolchain/avr8 gcc/native/3.4.1061/avr8-gnu-toolchain/bin/../lib/gcc/avr/4.8.1/../../../../avr/lib/avr5\libc.a(sprintf.o)
 .comment       0x00000000       0x31 c:/program files (x86)/atmel/atmel toolchain/avr8 gcc/native/3.4.1061/avr8-gnu-toolchain/bin/../lib/gcc/avr/4.8.1/../../../../avr/lib/avr5\libc.a(sprintf_p.o)
 .comment       0x00000030       0x2c c:/program files (x86)/atmel/atmel toolchain/avr8 gcc/native/3.4.1061/avr8-gnu-toolchain/bin/../lib/gcc/avr/4.8.1/../../../../avr/lib/avr5\libc.a(vfprintf_std.o)
                                 0x2d (size before relaxing)
 .comment       0x00000000       0x31 c:/program files (x86)/atmel/atmel toolchain/avr8 gcc/native/3.4.1061/avr8-gnu-toolchain/bin/../lib/gcc/avr/4.8.1/../../../../avr/lib/avr5\libc.a(fputc.o)

.note.gnu.build-id
 *(.note.gnu.build-id)

.debug
 *(.debug)

.line
 *(.line)

.debug_srcinfo
 *(.debug_srcinfo)

.debug_sfnames
 *(.debug_sfnames)

.debug_aranges  0x00000000      0x448
 *(.debug_aranges)
 .debug_aranges
                0x00000000       0x28 bh1750.o
 .debug_aranges
                0x00000028       0x68 bmp180.o
 .debug_aranges
                0x00000090       0x98 eeprom.o
 .debug_aranges
                0x00000128       0x28 i2c_core.o
 .debug_aranges
                0x00000150       0x40 KXCJ9.o
 .debug_aranges
                0x00000190       0x38 sharplcd.o
 .debug_aranges
                0x000001c8       0x50 sht21.o
 .debug_aranges
                0x00000218       0x28 spi.o
 .debug_aranges
                0x00000240       0x30 time.o
 .debug_aranges
                0x00000270       0x78 twimaster.o
 .debug_aranges
                0x000002e8       0x58 uart.o
 .debug_aranges
                0x00000340       0xe8 WineCellarMonitor.o
 .debug_aranges
                0x00000428       0x20 _StackInstrument.o

.debug_pubnames
 *(.debug_pubnames)

.debug_info     0x00000000     0x6083
 *(.debug_info .gnu.linkonce.wi.*)
 .debug_info    0x00000000      0x1c3 bh1750.o
 .debug_info    0x000001c3      0x84f bmp180.o
 .debug_info    0x00000a12      0xf2c eeprom.o
 .debug_info    0x0000193e      0x33e i2c_core.o
 .debug_info    0x00001c7c      0x756 KXCJ9.o
 .debug_info    0x000023d2      0x786 sharplcd.o
 .debug_info    0x00002b58      0x4fe sht21.o
 .debug_info    0x00003056       0xbb spi.o
 .debug_info    0x00003111      0x2b8 time.o
 .debug_info    0x000033c9      0x3ee twimaster.o
 .debug_info    0x000037b7      0x372 uart.o
 .debug_info    0x00003b29     0x245d WineCellarMonitor.o
 .debug_info    0x00005f86       0xfd _StackInstrument.o

.debug_abbrev   0x00000000     0x1632
 *(.debug_abbrev)
 .debug_abbrev  0x00000000       0xf2 bh1750.o
 .debug_abbrev  0x000000f2      0x232 bmp180.o
 .debug_abbrev  0x00000324      0x327 eeprom.o
 .debug_abbrev  0x0000064b      0x12c i2c_core.o
 .debug_abbrev  0x00000777      0x188 KXCJ9.o
 .debug_abbrev  0x000008ff      0x1d9 sharplcd.o
 .debug_abbrev  0x00000ad8      0x1a8 sht21.o
 .debug_abbrev  0x00000c80       0x83 spi.o
 .debug_abbrev  0x00000d03      0x116 time.o
 .debug_abbrev  0x00000e19      0x20d twimaster.o
 .debug_abbrev  0x00001026      0x187 uart.o
 .debug_abbrev  0x000011ad      0x3ea WineCellarMonitor.o
 .debug_abbrev  0x00001597       0x9b _StackInstrument.o

.debug_line     0x00000000     0x1c55
 *(.debug_line .debug_line.* .debug_line_end)
 .debug_line    0x00000000       0x68 bh1750.o
 .debug_line    0x00000068      0x281 bmp180.o
 .debug_line    0x000002e9      0x481 eeprom.o
 .debug_line    0x0000076a      0x116 i2c_core.o
 .debug_line    0x00000880      0x1c1 KXCJ9.o
 .debug_line    0x00000a41      0x28b sharplcd.o
 .debug_line    0x00000ccc      0x16b sht21.o
 .debug_line    0x00000e37       0xc7 spi.o
 .debug_line    0x00000efe      0x197 time.o
 .debug_line    0x00001095      0x286 twimaster.o
 .debug_line    0x0000131b      0x16b uart.o
 .debug_line    0x00001486      0x70d WineCellarMonitor.o
 .debug_line    0x00001b93       0xc2 _StackInstrument.o

.debug_frame    0x00000000     0x1210
 *(.debug_frame)
 .debug_frame   0x00000000       0x40 bh1750.o
 .debug_frame   0x00000040      0x158 bmp180.o
 .debug_frame   0x00000198      0x258 eeprom.o
 .debug_frame   0x000003f0       0xa8 i2c_core.o
 .debug_frame   0x00000498       0xcc KXCJ9.o
 .debug_frame   0x00000564      0x154 sharplcd.o
 .debug_frame   0x000006b8       0xb0 sht21.o
 .debug_frame   0x00000768       0x44 spi.o
 .debug_frame   0x000007ac      0x124 time.o
 .debug_frame   0x000008d0       0xe8 twimaster.o
 .debug_frame   0x000009b8      0x110 uart.o
 .debug_frame   0x00000ac8      0x724 WineCellarMonitor.o
 .debug_frame   0x000011ec       0x24 _StackInstrument.o

.debug_str      0x00000000     0x1114
 *(.debug_str)
 .debug_str     0x00000000      0x157 bh1750.o
                                0x190 (size before relaxing)
 .debug_str     0x00000157      0x221 bmp180.o
                                0x368 (size before relaxing)
 .debug_str     0x00000378      0x277 eeprom.o
                                0x41d (size before relaxing)
 .debug_str     0x000005ef       0xb9 i2c_core.o
                                0x245 (size before relaxing)
 .debug_str     0x000006a8       0xfe KXCJ9.o
                                0x2c9 (size before relaxing)
 .debug_str     0x000007a6      0x147 sharplcd.o
                                0x2fd (size before relaxing)
 .debug_str     0x000008ed      0x1a4 sht21.o
                                0x3a8 (size before relaxing)
 .debug_str     0x00000a91       0x14 spi.o
                                0x157 (size before relaxing)
 .debug_str     0x00000aa5       0xb9 time.o
                                0x218 (size before relaxing)
 .debug_str     0x00000b5e       0x8b twimaster.o
                                0x26f (size before relaxing)
 .debug_str     0x00000be9       0xe5 uart.o
                                0x250 (size before relaxing)
 .debug_str     0x00000cce      0x3f3 WineCellarMonitor.o
                                0x928 (size before relaxing)
 .debug_str     0x000010c1       0x53 _StackInstrument.o
                                0x193 (size before relaxing)

.debug_loc      0x00000000     0x5f13
 *(.debug_loc)
 .debug_loc     0x00000000       0x63 bh1750.o
 .debug_loc     0x00000063      0xd1e bmp180.o
 .debug_loc     0x00000d81     0x10be eeprom.o
 .debug_loc     0x00001e3f      0x384 i2c_core.o
 .debug_loc     0x000021c3      0x229 KXCJ9.o
 .debug_loc     0x000023ec      0x8bc sharplcd.o
 .debug_loc     0x00002ca8      0x46c sht21.o
 .debug_loc     0x00003114       0x75 spi.o
 .debug_loc     0x00003189      0x876 time.o
 .debug_loc     0x000039ff      0x29e twimaster.o
 .debug_loc     0x00003c9d      0x466 uart.o
 .debug_loc     0x00004103     0x1df8 WineCellarMonitor.o
 .debug_loc     0x00005efb       0x18 _StackInstrument.o

.debug_macinfo
 *(.debug_macinfo)

.debug_weaknames
 *(.debug_weaknames)

.debug_funcnames
 *(.debug_funcnames)

.debug_typenames
 *(.debug_typenames)

.debug_varnames
 *(.debug_varnames)

.debug_pubtypes
 *(.debug_pubtypes)

.debug_ranges   0x00000000      0x390
 *(.debug_ranges)
 .debug_ranges  0x00000000       0x18 bh1750.o
 .debug_ranges  0x00000018       0x58 bmp180.o
 .debug_ranges  0x00000070       0x88 eeprom.o
 .debug_ranges  0x000000f8       0x18 i2c_core.o
 .debug_ranges  0x00000110       0x30 KXCJ9.o
 .debug_ranges  0x00000140       0x28 sharplcd.o
 .debug_ranges  0x00000168       0x58 sht21.o
 .debug_ranges  0x000001c0       0x18 spi.o
 .debug_ranges  0x000001d8       0x20 time.o
 .debug_ranges  0x000001f8       0x68 twimaster.o
 .debug_ranges  0x00000260       0x48 uart.o
 .debug_ranges  0x000002a8       0xd8 WineCellarMonitor.o
 .debug_ranges  0x00000380       0x10 _StackInstrument.o

.debug_macro
 *(.debug_macro)
OUTPUT(WineCellarMonitor.elf elf32-avr)
LOAD linker stubs
